###############################################################################
#
# IAR ELF Linker V3.11.1.207 for STM8                     12/Sep/2021  21:58:00
# Copyright 2010-2019 IAR Systems AB.
#
#    Output file  =  
#        F:\Documents\3.STM8s\4.1 Uart\Project\Debug\Exe\uart_tx.out
#    Map file     =  
#        F:\Documents\3.STM8s\4.1 Uart\Project\Debug\List\uart_tx.map
#    Command line =  
#        -f C:\Users\THAI_E~1\AppData\Local\Temp\EW35F7.tmp
#        ("F:\Documents\3.STM8s\4.1 Uart\Project\Debug\Obj\main.o"
#        "F:\Documents\3.STM8s\4.1 Uart\Project\Debug\Obj\stm8s_it.o"
#        "F:\Documents\3.STM8s\4.1 Uart\Project\Debug\Obj\uart.o" --redirect
#        _Printf=_PrintfFullNoMb --redirect _Scanf=_ScanfFullNoMb
#        --no_out_extension -o "F:\Documents\3.STM8s\4.1
#        Uart\Project\Debug\Exe\uart_tx.out" --map "F:\Documents\3.STM8s\4.1
#        Uart\Project\Debug\List\uart_tx.map" --config
#        H:\Iar\stm8\config\lnkstm8s105c6.icf --config_def _CSTACK_SIZE=0x100
#        --config_def _HEAP_SIZE=0x100 --entry __iar_program_start --debug_lib)
#
###############################################################################

*******************************************************************************
*** RUNTIME MODEL ATTRIBUTES
***

__SystemLibrary            = DLib
__code_model               = small
__core                     = stm8
__data_model               = medium
__dlib_file_descriptor     = 0
__dlib_full_locale_support = 0
__rt_version               = 4


*******************************************************************************
*** PLACEMENT SUMMARY
***

"A0":  place at start of [0x000000-0x0000ff] { rw section .vregs };
"A1":  place at end of [0x000000-0x0007ff] { block CSTACK };
"P2":  place in [from 0x000000 to 0x0007ff] {
          block HEAP, rw section __DLIB_PERTHREAD, rw section .far.bss,
          rw section .far.data, rw section .far.noinit,
          rw section .far_func.textrw, rw section .huge.bss,
          rw section .huge.data, rw section .huge.noinit,
          rw section .huge_func.textrw, rw section .iar.dynexit,
          rw section .near.bss, rw section .near.data, rw section .near.noinit,
          rw section .near_func.textrw };
"A2":  place at start of [0x008000-0x00ffff] { block INTVEC };
"P3":  place in [from 0x008000 to 0x00ffff] {
          ro section __DLIB_PERTHREAD_init, ro section .far.data_init,
          ro section .far_func.textrw_init, ro section .huge.data_init,
          ro section .huge_func.textrw_init, ro section .iar.init_table,
          ro section .init_array, ro section .near.data_init,
          ro section .near.rodata, ro section .near_func.text,
          ro section .near_func.textrw_init, ro section .tiny.data_init,
          ro section .tiny.rodata_init };
"P4":  place in [from 0x008000 to 0x00ffff] {
          ro section .far.rodata, ro section .far_func.text };
"P5":  place in [from 0x008000 to 0x00ffff] {
          ro section .huge.rodata, ro section .huge_func.text };
do not initialize {
   rw section .eeprom.noinit, rw section .far.noinit, rw section .huge.noinit,
   rw section .near.noinit, rw section .tiny.noinit, rw section .vregs };

No sections matched the following patterns:

  ro section .far.data_init          in "P3-P5"
  ro section .far.rodata             in "P3-P5"
  ro section .far_func.text          in "P3-P5"
  ro section .far_func.textrw_init   in "P3-P5"
  ro section .huge.data_init         in "P3-P5"
  ro section .huge.rodata            in "P3-P5"
  ro section .huge_func.text         in "P3-P5"
  ro section .huge_func.textrw_init  in "P3-P5"
  ro section .iar.init_table         in "P3-P5"
  ro section .init_array             in "P3-P5"
  ro section .near.data_init         in "P3-P5"
  ro section .near_func.textrw_init  in "P3-P5"
  ro section .tiny.data_init         in "P3-P5"
  ro section .tiny.rodata_init       in "P3-P5"
  ro section __DLIB_PERTHREAD_init   in "P3-P5"
  rw section .far.bss                in "P2"
  rw section .far.data               in "P2"
  rw section .far.noinit             in "P2"
  rw section .far_func.textrw        in "P2"
  rw section .huge.bss               in "P2"
  rw section .huge.data              in "P2"
  rw section .huge.noinit            in "P2"
  rw section .huge_func.textrw       in "P2"
  rw section .iar.dynexit            in "P2"
  rw section .near.data              in "P2"
  rw section .near.noinit            in "P2"
  rw section .near_func.textrw       in "P2"
  rw section .tiny.bss               in "P1"
  rw section .tiny.data              in "P1"
  rw section .tiny.noinit            in "P1"
  rw section .tiny.rodata            in "P1"
  rw section __DLIB_PERTHREAD        in "P2"
  section .eeprom.data               in "P6-P8"
  section .eeprom.noinit             in "P6-P8"
  section .eeprom.rodata             in "P6-P8"


  Section          Kind      Address   Size  Object
  -------          ----      -------   ----  ------
"A0":                                  0x10
  .vregs           uninit   0x000000   0x10  vregs.o [4]
                          - 0x000010   0x10

"P2":                                  0x5b
  .near.bss        zero     0x000010   0x50  uart.o [1]
  .near.bss        zero     0x000060    0x5  uart.o [1]
  .near.bss        zero     0x000065    0x2  uart.o [1]
  .near.bss        zero     0x000067    0x1  uart.o [1]
  .near.bss        zero     0x000068    0x1  uart.o [1]
  .near.bss        zero     0x000069    0x1  uart.o [1]
  .near.bss        zero     0x00006a    0x1  uart.o [1]
                          - 0x00006b   0x5b

"A1":                                 0x100
  CSTACK                    0x000700  0x100  <Block>
    CSTACK         uninit   0x000700  0x100  <Block tail>
                          - 0x000800  0x100

"A2":                                  0x80
  INTVEC                    0x008000   0x80  <Block>
    .intvec        const    0x008000   0x80  interrupt.o [4]
                          - 0x008080   0x80

"P3-P5":                              0x43b
  .near_func.text  ro code  0x008080  0x12b  long.o [4]
  .near_func.text  ro code  0x0081ab   0xa5  vreg_util.o [4]
  .near_func.text  ro code  0x008250   0x96  uart.o [1]
  .near_func.text  ro code  0x0082e6   0x7d  uart.o [1]
  .near_func.text  ro code  0x008363   0x47  long_util.o [4]
  .near_func.text  ro code  0x0083aa   0x25  dc_util.o [4]
  .iar.init_table  const    0x0083cf    0x8  - Linker created -
  .near_func.text  ro code  0x0083d7   0x1e  init_small.o [4]
  .near.rodata     const    0x0083f5   0x1d  main.o [1]
  .near_func.text  ro code  0x008412   0x19  main.o [1]
  .near_func.text  ro code  0x00842b   0x17  main.o [1]
  .near_func.text  ro code  0x008442   0x14  init.o [4]
  .near_func.text  ro code  0x008456   0x14  __dbg_xxexit.o [3]
  .near_func.text  ro code  0x00846a   0x13  cstartup.o [4]
  .near_func.text  ro code  0x00847d    0xb  uart.o [1]
  .near_func.text  ro code  0x008488    0x9  uart.o [1]
  .near_func.text  ro code  0x008491    0x5  short.o [4]
  .near_func.text  ro code  0x008496    0x5  cexit.o [4]
  .near_func.text  ro code  0x00849b    0x3  interrupt.o [4]
  .near_func.text  ro code  0x00849e    0x3  low_level_init.o [4]
  .near_func.text  ro code  0x0084a1    0x3  exit.o [4]
  .near_func.text  ro code  0x0084a4    0x3  unhandled_exception.o [4]
  .near_func.text  ro code  0x0084a7    0x1  stm8s_it.o [1]
  .near_func.text  ro code  0x0084a8    0x1  stm8s_it.o [1]
  .near_func.text  ro code  0x0084a9    0x1  stm8s_it.o [1]
  .near_func.text  ro code  0x0084aa    0x1  stm8s_it.o [1]
  .near_func.text  ro code  0x0084ab    0x1  stm8s_it.o [1]
  .near_func.text  ro code  0x0084ac    0x1  stm8s_it.o [1]
  .near_func.text  ro code  0x0084ad    0x1  stm8s_it.o [1]
  .near_func.text  ro code  0x0084ae    0x1  stm8s_it.o [1]
  .near_func.text  ro code  0x0084af    0x1  stm8s_it.o [1]
  .near_func.text  ro code  0x0084b0    0x1  stm8s_it.o [1]
  .near_func.text  ro code  0x0084b1    0x1  stm8s_it.o [1]
  .near_func.text  ro code  0x0084b2    0x1  stm8s_it.o [1]
  .near_func.text  ro code  0x0084b3    0x1  stm8s_it.o [1]
  .near_func.text  ro code  0x0084b4    0x1  stm8s_it.o [1]
  .near_func.text  ro code  0x0084b5    0x1  stm8s_it.o [1]
  .near_func.text  ro code  0x0084b6    0x1  stm8s_it.o [1]
  .near_func.text  ro code  0x0084b7    0x1  stm8s_it.o [1]
  .near_func.text  ro code  0x0084b8    0x1  stm8s_it.o [1]
  .near_func.text  ro code  0x0084b9    0x1  stm8s_it.o [1]
  .near_func.text  ro code  0x0084ba    0x1  __dbg_break.o [3]
                          - 0x0084bb  0x43b


*******************************************************************************
*** INIT TABLE
***

          Address   Size
          -------   ----
Zero (__iar_zero_init2)
    1 destination range, total size 0x5b:
          0x000010  0x5b



*******************************************************************************
*** MODULE SUMMARY
***

    Module                 ro code  ro data  rw data
    ------                 -------  -------  -------
F:\Documents\3.STM8s\4.1 Uart\Project\Debug\Obj: [1]
    main.o                      48       29
    stm8s_it.o                  19
    uart.o                     295                91
    ------------------------------------------------
    Total:                     362       29       91

command line: [2]
    ------------------------------------------------
    Total:

dbgstm8smd.a: [3]
    __dbg_break.o                1
    __dbg_xxexit.o              20
    ------------------------------------------------
    Total:                      21

dlstm8smn.a: [4]
    cexit.o                      5
    cstartup.o                  19
    dc_util.o                   37
    exit.o                       3
    init.o                      20
    init_small.o                30
    interrupt.o                  3      128
    long.o                     299
    long_util.o                 71
    low_level_init.o             3
    short.o                      5
    unhandled_exception.o        3
    vreg_util.o                165
    vregs.o                                       16
    ------------------------------------------------
    Total:                     663      128       16

    Linker created                        8      256
----------------------------------------------------
    Grand Total:             1 046      165      363


*******************************************************************************
*** ENTRY LIST
***

Entry                    Address  Size  Type      Object
-----                    -------  ----  ----      ------
.iar.init_table$$Base   0x0083cf         --   Gb  - Linker created -
.iar.init_table$$Limit  0x0083d7         --   Gb  - Linker created -
?b0                     0x000000        Data  Gb  vregs.o [4]
?b1                     0x000001        Data  Gb  vregs.o [4]
?b10                    0x00000a        Data  Gb  vregs.o [4]
?b11                    0x00000b        Data  Gb  vregs.o [4]
?b12                    0x00000c        Data  Gb  vregs.o [4]
?b13                    0x00000d        Data  Gb  vregs.o [4]
?b14                    0x00000e        Data  Gb  vregs.o [4]
?b15                    0x00000f        Data  Gb  vregs.o [4]
?b2                     0x000002        Data  Gb  vregs.o [4]
?b3                     0x000003        Data  Gb  vregs.o [4]
?b4                     0x000004        Data  Gb  vregs.o [4]
?b5                     0x000005        Data  Gb  vregs.o [4]
?b6                     0x000006        Data  Gb  vregs.o [4]
?b7                     0x000007        Data  Gb  vregs.o [4]
?b8                     0x000008        Data  Gb  vregs.o [4]
?b9                     0x000009        Data  Gb  vregs.o [4]
?dc32_l0                0x0083aa        Code  Gb  dc_util.o [4]
?dc32_l1                0x0083b7        Code  Gb  dc_util.o [4]
?dc32_px                0x0083c4        Code  Gb  dc_util.o [4]
?e0                     0x000001        Data  Gb  vregs.o [4]
?e1                     0x000005        Data  Gb  vregs.o [4]
?e2                     0x000009        Data  Gb  vregs.o [4]
?e3                     0x00000d        Data  Gb  vregs.o [4]
?epilogue_l2            0x00820b        Code  Gb  vreg_util.o [4]
?epilogue_l2_l3         0x008208        Code  Gb  vreg_util.o [4]
?l0                     0x000000        Data  Gb  vregs.o [4]
?l1                     0x000004        Data  Gb  vregs.o [4]
?l2                     0x000008        Data  Gb  vregs.o [4]
?l3                     0x00000c        Data  Gb  vregs.o [4]
?load32_0x_l0           0x00839c        Code  Gb  long_util.o [4]
?load32_asp_l0          0x008390        Code  Gb  long_util.o [4]
?load32_dbsp_l0         0x00838b        Code  Gb  long_util.o [4]
?load32_l0_0x           0x008373        Code  Gb  long_util.o [4]
?load32_l0_asp          0x008368        Code  Gb  long_util.o [4]
?load32_l0_dbsp         0x008363        Code  Gb  long_util.o [4]
?load32_l0_xsp          0x00836a        Code  Gb  long_util.o [4]
?load32_l1_0x           0x00837f        Code  Gb  long_util.o [4]
?load32_xsp_l0          0x008392        Code  Gb  long_util.o [4]
?mov_e0_e2              0x008212        Code  Gb  vreg_util.o [4]
?mov_e0_e3              0x00821f        Code  Gb  vreg_util.o [4]
?mov_e1_e0              0x00822c        Code  Gb  vreg_util.o [4]
?mov_e2_e0              0x008239        Code  Gb  vreg_util.o [4]
?mov_e3_e0              0x008246        Code  Gb  vreg_util.o [4]
?mov_l0_l2              0x00820f        Code  Gb  vreg_util.o [4]
?mov_l0_l3              0x00821c        Code  Gb  vreg_util.o [4]
?mov_l1_l0              0x008229        Code  Gb  vreg_util.o [4]
?mov_l2_l0              0x008236        Code  Gb  vreg_util.o [4]
?mov_l3_l0              0x008243        Code  Gb  vreg_util.o [4]
?mov_w1_w5              0x008215        Code  Gb  vreg_util.o [4]
?mov_w1_w7              0x008222        Code  Gb  vreg_util.o [4]
?mov_w3_w1              0x00822f        Code  Gb  vreg_util.o [4]
?mov_w5_w1              0x00823c        Code  Gb  vreg_util.o [4]
?mov_w7_w1              0x008249        Code  Gb  vreg_util.o [4]
?mul32_l0_l0_0x         0x00809e        Code  Gb  long.o [4]
?mul32_l0_l0_dl         0x00809b        Code  Gb  long.o [4]
?mul32_l0_l0_l1         0x0080a7        Code  Gb  long.o [4]
?pop_l2                 0x0081ea        Code  Gb  vreg_util.o [4]
?pop_l3                 0x0081f5        Code  Gb  vreg_util.o [4]
?push_l2                0x0081c3        Code  Gb  vreg_util.o [4]
?push_l3                0x0081c8        Code  Gb  vreg_util.o [4]
?push_w4                0x0081ab        Code  Gb  vreg_util.o [4]
?sll32_0x_0x_a          0x00819d        Code  Gb  long.o [4]
?sll32_l0_l0_a          0x00819a        Code  Gb  long.o [4]
?srl16_x_x_4            0x008491        Code  Gb  short.o [4]
?sub32_l0_l0_0x         0x008083        Code  Gb  long.o [4]
?sub32_l0_l0_l1         0x008080        Code  Gb  long.o [4]
?udiv32_l0_dl_l1        0x008125        Code  Gb  long.o [4]
?udiv32_l0_l0_dl        0x00812a        Code  Gb  long.o [4]
?udiv32_l0_l0_l1        0x00812d        Code  Gb  long.o [4]
?umod32_l1_l0_l1        0x00812d        Code  Gb  long.o [4]
?w0                     0x000000        Data  Gb  vregs.o [4]
?w1                     0x000002        Data  Gb  vregs.o [4]
?w2                     0x000004        Data  Gb  vregs.o [4]
?w3                     0x000006        Data  Gb  vregs.o [4]
?w4                     0x000008        Data  Gb  vregs.o [4]
?w5                     0x00000a        Data  Gb  vregs.o [4]
?w6                     0x00000c        Data  Gb  vregs.o [4]
?w7                     0x00000e        Data  Gb  vregs.o [4]
ADC1_IRQHandler         0x0084b8   0x1  Code  Gb  stm8s_it.o [1]
AWU_IRQHandler          0x0084a9   0x1  Code  Gb  stm8s_it.o [1]
CLK_IRQHandler          0x0084aa   0x1  Code  Gb  stm8s_it.o [1]
CSTACK$$Base            0x000700         --   Gb  - Linker created -
CSTACK$$Limit           0x000800         --   Gb  - Linker created -
EEPROM_EEC_IRQHandler   0x0084b9   0x1  Code  Gb  stm8s_it.o [1]
EXTI_PORTA_IRQHandler   0x0084ab   0x1  Code  Gb  stm8s_it.o [1]
EXTI_PORTB_IRQHandler   0x0084ac   0x1  Code  Gb  stm8s_it.o [1]
EXTI_PORTC_IRQHandler   0x0084ad   0x1  Code  Gb  stm8s_it.o [1]
EXTI_PORTD_IRQHandler   0x0084ae   0x1  Code  Gb  stm8s_it.o [1]
EXTI_PORTE_IRQHandler   0x0084af   0x1  Code  Gb  stm8s_it.o [1]
I2C_IRQHandler          0x0084b6   0x1  Code  Gb  stm8s_it.o [1]
INTVEC$$Base            0x008000         --   Gb  - Linker created -
INTVEC$$Limit           0x008080         --   Gb  - Linker created -
RRX                     0x000010  0x50  Data  Gb  uart.o [1]
RXI                     0x000065   0x2  Data  Gb  uart.o [1]
RX_FLAG_END_LINE        0x000068   0x1  Data  Gb  uart.o [1]
Region$$Table$$Base     0x0083cf         --   Gb  - Linker created -
Region$$Table$$Limit    0x0083d7         --   Gb  - Linker created -
SPI_IRQHandler          0x0084b0   0x1  Code  Gb  stm8s_it.o [1]
TIM1_CAP_COM_IRQHandler
                        0x0084b2   0x1  Code  Gb  stm8s_it.o [1]
TIM1_UPD_OVF_TRG_BRK_IRQHandler
                        0x0084b1   0x1  Code  Gb  stm8s_it.o [1]
TIM2_CAP_COM_IRQHandler
                        0x0084b3   0x1  Code  Gb  stm8s_it.o [1]
TIM3_CAP_COM_IRQHandler
                        0x0084b5   0x1  Code  Gb  stm8s_it.o [1]
TIM3_UPD_OVF_BRK_IRQHandler
                        0x0084b4   0x1  Code  Gb  stm8s_it.o [1]
TLI_IRQHandler          0x0084a8   0x1  Code  Gb  stm8s_it.o [1]
TRAP_IRQHandler         0x0084a7   0x1  Code  Gb  stm8s_it.o [1]
UART2_RX_IRQHandler     0x0082e6  0x7d  Code  Gb  uart.o [1]
UART2_TX_IRQHandler     0x0084b7   0x1  Code  Gb  stm8s_it.o [1]
UART_Init               0x008250  0x96  Code  Gb  uart.o [1]
UART_Send_Char          0x008488   0x9  Code  Gb  uart.o [1]
UART_Send_String        0x00847d   0xb  Code  Gb  uart.o [1]
__DebugBreak            0x0084ba   0x1  Code  Gb  __dbg_break.o [3]
__exit                  0x008456  0x14  Code  Gb  __dbg_xxexit.o [3]
__iar_data_init2        0x008442  0x14  Code  Gb  init.o [4]
__iar_program_start     0x00846a        Code  Gb  cstartup.o [4]
__iar_unhandled_exception
                        0x0084a4        Code  Gb  unhandled_exception.o [4]
__iar_zero_init2        0x0083d7        Code  Gb  init_small.o [4]
__intvec                0x008000        Data  Gb  interrupt.o [4]
__low_level_init        0x00849e   0x3  Code  Gb  low_level_init.o [4]
_exit                   0x008496        Code  Gb  cexit.o [4]
_interrupt_1            0x0084a7        Code  Gb  stm8s_it.o [1]
_interrupt_12           0x0084b0        Code  Gb  stm8s_it.o [1]
_interrupt_13           0x0084b1        Code  Gb  stm8s_it.o [1]
_interrupt_14           0x0084b2        Code  Gb  stm8s_it.o [1]
_interrupt_16           0x0084b3        Code  Gb  stm8s_it.o [1]
_interrupt_17           0x0084b4        Code  Gb  stm8s_it.o [1]
_interrupt_18           0x0084b5        Code  Gb  stm8s_it.o [1]
_interrupt_2            0x0084a8        Code  Gb  stm8s_it.o [1]
_interrupt_21           0x0084b6        Code  Gb  stm8s_it.o [1]
_interrupt_22           0x0084b7        Code  Gb  stm8s_it.o [1]
_interrupt_23           0x0082e6        Code  Gb  uart.o [1]
_interrupt_24           0x0084b8        Code  Gb  stm8s_it.o [1]
_interrupt_26           0x0084b9        Code  Gb  stm8s_it.o [1]
_interrupt_3            0x0084a9        Code  Gb  stm8s_it.o [1]
_interrupt_4            0x0084aa        Code  Gb  stm8s_it.o [1]
_interrupt_5            0x0084ab        Code  Gb  stm8s_it.o [1]
_interrupt_6            0x0084ac        Code  Gb  stm8s_it.o [1]
_interrupt_7            0x0084ad        Code  Gb  stm8s_it.o [1]
_interrupt_8            0x0084ae        Code  Gb  stm8s_it.o [1]
_interrupt_9            0x0084af        Code  Gb  stm8s_it.o [1]
delay_ms                0x00842b  0x17  Code  Gb  main.o [1]
exit                    0x0084a1   0x3  Code  Gb  exit.o [4]
main                    0x008412  0x19  Code  Gb  main.o [1]
temp_char               0x000069   0x1  Data  Gb  uart.o [1]
vruc_ArrayCheckSum      0x000060   0x5  Data  Gb  uart.o [1]
vruc_CountCheckSum      0x000067   0x1  Data  Gb  uart.o [1]
vruc_StartCheckSum      0x00006a   0x1  Data  Gb  uart.o [1]


[1] = F:\Documents\3.STM8s\4.1 Uart\Project\Debug\Obj
[2] = command line
[3] = dbgstm8smd.a
[4] = dlstm8smn.a

  1 046 bytes of readonly  code memory
    165 bytes of readonly  data memory
    363 bytes of readwrite data memory

Errors: none
Warnings: none
