###############################################################################
#
# IAR ELF Linker V3.11.1.207 for STM8                     31/Mar/2021  00:34:32
# Copyright 2010-2019 IAR Systems AB.
#
#    Output file  =  
#        C:\Users\Thai
#        MCU\Documents\3.STM8s\FORM_STM8\Project\Debug\Exe\Form.out
#    Map file     =  
#        C:\Users\Thai
#        MCU\Documents\3.STM8s\FORM_STM8\Project\Debug\List\Form.map
#    Command line =  
#        -f C:\Users\THAIMC~1\AppData\Local\Temp\EW66BE.tmp ("C:\Users\Thai
#        MCU\Documents\3.STM8s\FORM_STM8\Project\Debug\Obj\main.o"
#        "C:\Users\Thai
#        MCU\Documents\3.STM8s\FORM_STM8\Project\Debug\Obj\stm8s_gpio.o"
#        "C:\Users\Thai
#        MCU\Documents\3.STM8s\FORM_STM8\Project\Debug\Obj\stm8s_it.o"
#        "C:\Users\Thai
#        MCU\Documents\3.STM8s\FORM_STM8\Project\Debug\Obj\stm8s_tim2.o"
#        --redirect _Printf=_PrintfFullNoMb --redirect _Scanf=_ScanfFullNoMb
#        --no_out_extension -o "C:\Users\Thai
#        MCU\Documents\3.STM8s\FORM_STM8\Project\Debug\Exe\Form.out" --map
#        "C:\Users\Thai
#        MCU\Documents\3.STM8s\FORM_STM8\Project\Debug\List\Form.map" --config
#        "C:\Program Files (x86)\IAR Systems\Embedded Workbench
#        8.3\stm8\config\lnkstm8s105c6.icf" --config_def _CSTACK_SIZE=0x100
#        --config_def _HEAP_SIZE=0x100 --entry __iar_program_start --debug_lib)
#
###############################################################################

*******************************************************************************
*** RUNTIME MODEL ATTRIBUTES
***

__SystemLibrary            = DLib
__code_model               = small
__core                     = stm8
__data_model               = medium
__dlib_file_descriptor     = 0
__dlib_full_locale_support = 0
__rt_version               = 4


*******************************************************************************
*** PLACEMENT SUMMARY
***

"A0":  place at start of [0x000000-0x0000ff] { rw section .vregs };
"A1":  place at end of [0x000000-0x0007ff] { block CSTACK };
"P2":  place in [from 0x000000 to 0x0007ff] {
          block HEAP, rw section __DLIB_PERTHREAD, rw section .far.bss,
          rw section .far.data, rw section .far.noinit,
          rw section .far_func.textrw, rw section .huge.bss,
          rw section .huge.data, rw section .huge.noinit,
          rw section .huge_func.textrw, rw section .iar.dynexit,
          rw section .near.bss, rw section .near.data, rw section .near.noinit,
          rw section .near_func.textrw };
"A2":  place at start of [0x008000-0x00ffff] { block INTVEC };
"P3":  place in [from 0x008000 to 0x00ffff] {
          ro section __DLIB_PERTHREAD_init, ro section .far.data_init,
          ro section .far_func.textrw_init, ro section .huge.data_init,
          ro section .huge_func.textrw_init, ro section .iar.init_table,
          ro section .init_array, ro section .near.data_init,
          ro section .near.rodata, ro section .near_func.text,
          ro section .near_func.textrw_init, ro section .tiny.data_init,
          ro section .tiny.rodata_init };
"P4":  place in [from 0x008000 to 0x00ffff] {
          ro section .far.rodata, ro section .far_func.text };
"P5":  place in [from 0x008000 to 0x00ffff] {
          ro section .huge.rodata, ro section .huge_func.text };
do not initialize {
   rw section .eeprom.noinit, rw section .far.noinit, rw section .huge.noinit,
   rw section .near.noinit, rw section .tiny.noinit, rw section .vregs };

No sections matched the following patterns:

  ro section .far.data_init          in "P3-P5"
  ro section .far.rodata             in "P3-P5"
  ro section .far_func.text          in "P3-P5"
  ro section .far_func.textrw_init   in "P3-P5"
  ro section .huge.data_init         in "P3-P5"
  ro section .huge.rodata            in "P3-P5"
  ro section .huge_func.text         in "P3-P5"
  ro section .huge_func.textrw_init  in "P3-P5"
  ro section .iar.init_table         in "P3-P5"
  ro section .init_array             in "P3-P5"
  ro section .near.data_init         in "P3-P5"
  ro section .near.rodata            in "P3-P5"
  ro section .near_func.textrw_init  in "P3-P5"
  ro section .tiny.data_init         in "P3-P5"
  ro section .tiny.rodata_init       in "P3-P5"
  ro section __DLIB_PERTHREAD_init   in "P3-P5"
  rw section .far.bss                in "P2"
  rw section .far.data               in "P2"
  rw section .far.noinit             in "P2"
  rw section .far_func.textrw        in "P2"
  rw section .huge.bss               in "P2"
  rw section .huge.data              in "P2"
  rw section .huge.noinit            in "P2"
  rw section .huge_func.textrw       in "P2"
  rw section .iar.dynexit            in "P2"
  rw section .near.data              in "P2"
  rw section .near.noinit            in "P2"
  rw section .near_func.textrw       in "P2"
  rw section .tiny.bss               in "P1"
  rw section .tiny.data              in "P1"
  rw section .tiny.noinit            in "P1"
  rw section .tiny.rodata            in "P1"
  rw section __DLIB_PERTHREAD        in "P2"
  section .eeprom.data               in "P6-P8"
  section .eeprom.noinit             in "P6-P8"
  section .eeprom.rodata             in "P6-P8"


  Section          Kind      Address   Size  Object
  -------          ----      -------   ----  ------
"A0":                                   0xc
  .vregs           uninit   0x000000    0xc  vregs.o [4]
                          - 0x00000c    0xc

"P2":                                   0x5
  .near.bss        zero     0x00000c    0x2  main.o [1]
  .near.bss        zero     0x00000e    0x2  main.o [1]
  .near.bss        zero     0x000010    0x1  main.o [1]
                          - 0x000011    0x5

"A1":                                 0x100
  CSTACK                    0x000700  0x100  <Block>
    CSTACK         uninit   0x000700  0x100  <Block tail>
                          - 0x000800  0x100

"A2":                                  0x80
  INTVEC                    0x008000   0x80  <Block>
    .intvec        const    0x008000   0x80  interrupt.o [4]
                          - 0x008080   0x80

"P3-P5":                              0x139
  .near_func.text  ro code  0x008080   0x38  main.o [1]
  .near_func.text  ro code  0x0080b8   0x25  main.o [1]
  .near_func.text  ro code  0x0080dd   0x21  main.o [1]
  .iar.init_table  const    0x0080fe    0x8  - Linker created -
  .near_func.text  ro code  0x008106   0x1e  init_small.o [4]
  .near_func.text  ro code  0x008124   0x18  vreg_util.o [4]
  .near_func.text  ro code  0x00813c   0x14  init.o [4]
  .near_func.text  ro code  0x008150   0x14  __dbg_xxexit.o [3]
  .near_func.text  ro code  0x008164   0x13  cstartup.o [4]
  .near_func.text  ro code  0x008177   0x11  main.o [1]
  .near_func.text  ro code  0x008188    0x9  main.o [1]
  .near_func.text  ro code  0x008191    0x5  cexit.o [4]
  .near_func.text  ro code  0x008196    0x3  interrupt.o [4]
  .near_func.text  ro code  0x008199    0x3  low_level_init.o [4]
  .near_func.text  ro code  0x00819c    0x3  exit.o [4]
  .near_func.text  ro code  0x00819f    0x3  unhandled_exception.o [4]
  .near_func.text  ro code  0x0081a2    0x1  stm8s_it.o [1]
  .near_func.text  ro code  0x0081a3    0x1  stm8s_it.o [1]
  .near_func.text  ro code  0x0081a4    0x1  stm8s_it.o [1]
  .near_func.text  ro code  0x0081a5    0x1  stm8s_it.o [1]
  .near_func.text  ro code  0x0081a6    0x1  stm8s_it.o [1]
  .near_func.text  ro code  0x0081a7    0x1  stm8s_it.o [1]
  .near_func.text  ro code  0x0081a8    0x1  stm8s_it.o [1]
  .near_func.text  ro code  0x0081a9    0x1  stm8s_it.o [1]
  .near_func.text  ro code  0x0081aa    0x1  stm8s_it.o [1]
  .near_func.text  ro code  0x0081ab    0x1  stm8s_it.o [1]
  .near_func.text  ro code  0x0081ac    0x1  stm8s_it.o [1]
  .near_func.text  ro code  0x0081ad    0x1  stm8s_it.o [1]
  .near_func.text  ro code  0x0081ae    0x1  stm8s_it.o [1]
  .near_func.text  ro code  0x0081af    0x1  stm8s_it.o [1]
  .near_func.text  ro code  0x0081b0    0x1  stm8s_it.o [1]
  .near_func.text  ro code  0x0081b1    0x1  stm8s_it.o [1]
  .near_func.text  ro code  0x0081b2    0x1  stm8s_it.o [1]
  .near_func.text  ro code  0x0081b3    0x1  stm8s_it.o [1]
  .near_func.text  ro code  0x0081b4    0x1  stm8s_it.o [1]
  .near_func.text  ro code  0x0081b5    0x1  stm8s_it.o [1]
  .near_func.text  ro code  0x0081b6    0x1  stm8s_it.o [1]
  .near_func.text  ro code  0x0081b7    0x1  stm8s_it.o [1]
  .near_func.text  ro code  0x0081b8    0x1  __dbg_break.o [3]
                          - 0x0081b9  0x139


*******************************************************************************
*** INIT TABLE
***

          Address   Size
          -------   ----
Zero (__iar_zero_init2)
    1 destination range, total size 0x5:
          0x00000c   0x5



*******************************************************************************
*** MODULE SUMMARY
***

    Module                 ro code  ro data  rw data
    ------                 -------  -------  -------
C:\Users\Thai MCU\Documents\3.STM8s\FORM_STM8\Project\Debug\Obj: [1]
    main.o                     152                 5
    stm8s_it.o                  22
    ------------------------------------------------
    Total:                     174                 5

command line: [2]
    ------------------------------------------------
    Total:

dbgstm8smd.a: [3]
    __dbg_break.o                1
    __dbg_xxexit.o              20
    ------------------------------------------------
    Total:                      21

dlstm8smn.a: [4]
    cexit.o                      5
    cstartup.o                  19
    exit.o                       3
    init.o                      20
    init_small.o                30
    interrupt.o                  3      128
    low_level_init.o             3
    unhandled_exception.o        3
    vreg_util.o                 24
    vregs.o                                       12
    ------------------------------------------------
    Total:                     110      128       12

    Linker created                        8      256
----------------------------------------------------
    Grand Total:               305      136      273


*******************************************************************************
*** ENTRY LIST
***

Entry                    Address  Size  Type      Object
-----                    -------  ----  ----      ------
.iar.init_table$$Base   0x0080fe         --   Gb  - Linker created -
.iar.init_table$$Limit  0x008106         --   Gb  - Linker created -
?b0                     0x000000        Data  Gb  vregs.o [4]
?b1                     0x000001        Data  Gb  vregs.o [4]
?b10                    0x00000a        Data  Gb  vregs.o [4]
?b11                    0x00000b        Data  Gb  vregs.o [4]
?b2                     0x000002        Data  Gb  vregs.o [4]
?b3                     0x000003        Data  Gb  vregs.o [4]
?b4                     0x000004        Data  Gb  vregs.o [4]
?b5                     0x000005        Data  Gb  vregs.o [4]
?b6                     0x000006        Data  Gb  vregs.o [4]
?b7                     0x000007        Data  Gb  vregs.o [4]
?b8                     0x000008        Data  Gb  vregs.o [4]
?b9                     0x000009        Data  Gb  vregs.o [4]
?e0                     0x000001        Data  Gb  vregs.o [4]
?e1                     0x000005        Data  Gb  vregs.o [4]
?e2                     0x000009        Data  Gb  vregs.o [4]
?l0                     0x000000        Data  Gb  vregs.o [4]
?l1                     0x000004        Data  Gb  vregs.o [4]
?l2                     0x000008        Data  Gb  vregs.o [4]
?push_w4                0x008124        Code  Gb  vreg_util.o [4]
?w0                     0x000000        Data  Gb  vregs.o [4]
?w1                     0x000002        Data  Gb  vregs.o [4]
?w2                     0x000004        Data  Gb  vregs.o [4]
?w3                     0x000006        Data  Gb  vregs.o [4]
?w4                     0x000008        Data  Gb  vregs.o [4]
?w5                     0x00000a        Data  Gb  vregs.o [4]
ADC1_IRQHandler         0x0081b6   0x1  Code  Gb  stm8s_it.o [1]
AWU_IRQHandler          0x0081a4   0x1  Code  Gb  stm8s_it.o [1]
CLK_IRQHandler          0x0081a5   0x1  Code  Gb  stm8s_it.o [1]
CSTACK$$Base            0x000700         --   Gb  - Linker created -
CSTACK$$Limit           0x000800         --   Gb  - Linker created -
Config_Gpio             0x008177  0x11  Code  Gb  main.o [1]
EEPROM_EEC_IRQHandler   0x0081b7   0x1  Code  Gb  stm8s_it.o [1]
EXTI_PORTA_IRQHandler   0x0081a6   0x1  Code  Gb  stm8s_it.o [1]
EXTI_PORTB_IRQHandler   0x0081a7   0x1  Code  Gb  stm8s_it.o [1]
EXTI_PORTC_IRQHandler   0x0081a8   0x1  Code  Gb  stm8s_it.o [1]
EXTI_PORTD_IRQHandler   0x0081a9   0x1  Code  Gb  stm8s_it.o [1]
EXTI_PORTE_IRQHandler   0x0081aa   0x1  Code  Gb  stm8s_it.o [1]
I2C_IRQHandler          0x0081b3   0x1  Code  Gb  stm8s_it.o [1]
INTVEC$$Base            0x008000         --   Gb  - Linker created -
INTVEC$$Limit           0x008080         --   Gb  - Linker created -
Region$$Table$$Base     0x0080fe         --   Gb  - Linker created -
Region$$Table$$Limit    0x008106         --   Gb  - Linker created -
SPI_IRQHandler          0x0081ab   0x1  Code  Gb  stm8s_it.o [1]
TIM1_CAP_COM_IRQHandler
                        0x0081ad   0x1  Code  Gb  stm8s_it.o [1]
TIM1_UPD_OVF_TRG_BRK_IRQHandler
                        0x0081ac   0x1  Code  Gb  stm8s_it.o [1]
TIM2_CAP_COM_IRQHandler
                        0x0081ae   0x1  Code  Gb  stm8s_it.o [1]
TIM2_Init               0x0080dd  0x21  Code  Gb  main.o [1]
TIM2_UPD_OVF_BRK_IRQHandler
                        0x0080b8  0x25  Code  Gb  main.o [1]
TIM3_CAP_COM_IRQHandler
                        0x0081b0   0x1  Code  Gb  stm8s_it.o [1]
TIM3_UPD_OVF_BRK_IRQHandler
                        0x0081af   0x1  Code  Gb  stm8s_it.o [1]
TIM4_UPD_OVF_IRQHandler
                        0x008080  0x38  Code  Gb  main.o [1]
TLI_IRQHandler          0x0081a3   0x1  Code  Gb  stm8s_it.o [1]
TRAP_IRQHandler         0x0081a2   0x1  Code  Gb  stm8s_it.o [1]
UART1_RX_IRQHandler     0x0081b2   0x1  Code  Gb  stm8s_it.o [1]
UART1_TX_IRQHandler     0x0081b1   0x1  Code  Gb  stm8s_it.o [1]
UART2_RX_IRQHandler     0x0081b5   0x1  Code  Gb  stm8s_it.o [1]
UART2_TX_IRQHandler     0x0081b4   0x1  Code  Gb  stm8s_it.o [1]
__DebugBreak            0x0081b8   0x1  Code  Gb  __dbg_break.o [3]
__exit                  0x008150  0x14  Code  Gb  __dbg_xxexit.o [3]
__iar_data_init2        0x00813c  0x14  Code  Gb  init.o [4]
__iar_program_start     0x008164        Code  Gb  cstartup.o [4]
__iar_unhandled_exception
                        0x00819f        Code  Gb  unhandled_exception.o [4]
__iar_zero_init2        0x008106        Code  Gb  init_small.o [4]
__intvec                0x008000        Data  Gb  interrupt.o [4]
__low_level_init        0x008199   0x3  Code  Gb  low_level_init.o [4]
_exit                   0x008191        Code  Gb  cexit.o [4]
_interrupt_1            0x0081a2        Code  Gb  stm8s_it.o [1]
_interrupt_12           0x0081ab        Code  Gb  stm8s_it.o [1]
_interrupt_13           0x0081ac        Code  Gb  stm8s_it.o [1]
_interrupt_14           0x0081ad        Code  Gb  stm8s_it.o [1]
_interrupt_15           0x0080b8        Code  Gb  main.o [1]
_interrupt_16           0x0081ae        Code  Gb  stm8s_it.o [1]
_interrupt_17           0x0081af        Code  Gb  stm8s_it.o [1]
_interrupt_18           0x0081b0        Code  Gb  stm8s_it.o [1]
_interrupt_19           0x0081b1        Code  Gb  stm8s_it.o [1]
_interrupt_2            0x0081a3        Code  Gb  stm8s_it.o [1]
_interrupt_20           0x0081b2        Code  Gb  stm8s_it.o [1]
_interrupt_21           0x0081b3        Code  Gb  stm8s_it.o [1]
_interrupt_22           0x0081b4        Code  Gb  stm8s_it.o [1]
_interrupt_23           0x0081b5        Code  Gb  stm8s_it.o [1]
_interrupt_24           0x0081b6        Code  Gb  stm8s_it.o [1]
_interrupt_25           0x008080        Code  Gb  main.o [1]
_interrupt_26           0x0081b7        Code  Gb  stm8s_it.o [1]
_interrupt_3            0x0081a4        Code  Gb  stm8s_it.o [1]
_interrupt_4            0x0081a5        Code  Gb  stm8s_it.o [1]
_interrupt_5            0x0081a6        Code  Gb  stm8s_it.o [1]
_interrupt_6            0x0081a7        Code  Gb  stm8s_it.o [1]
_interrupt_7            0x0081a8        Code  Gb  stm8s_it.o [1]
_interrupt_8            0x0081a9        Code  Gb  stm8s_it.o [1]
_interrupt_9            0x0081aa        Code  Gb  stm8s_it.o [1]
exit                    0x00819c   0x3  Code  Gb  exit.o [4]
main                    0x008188   0x9  Code  Gb  main.o [1]
ms_count                0x00000c   0x2  Data  Gb  main.o [1]
vruc_Stt                0x000010   0x1  Data  Gb  main.o [1]
vruc_stt                0x00000e   0x2  Data  Gb  main.o [1]


[1] = C:\Users\Thai MCU\Documents\3.STM8s\FORM_STM8\Project\Debug\Obj
[2] = command line
[3] = dbgstm8smd.a
[4] = dlstm8smn.a

  305 bytes of readonly  code memory
  136 bytes of readonly  data memory
  273 bytes of readwrite data memory

Errors: none
Warnings: none
