###############################################################################
#
# IAR ELF Linker V3.11.1.207 for STM8                     01/May/2021  14:58:03
# Copyright 2010-2019 IAR Systems AB.
#
#    Output file  =  
#        C:\Users\nguye\Desktop\13.ssd1306_STM8\project\Debug\Exe\pid_stm8.out
#    Map file     =  
#        C:\Users\nguye\Desktop\13.ssd1306_STM8\project\Debug\List\pid_stm8.map
#    Command line =  
#        -f C:\Users\nguye\AppData\Local\Temp\EWEC09.tmp
#        (C:\Users\nguye\Desktop\13.ssd1306_STM8\project\Debug\Obj\DELAY.o
#        C:\Users\nguye\Desktop\13.ssd1306_STM8\project\Debug\Obj\i2c.o
#        C:\Users\nguye\Desktop\13.ssd1306_STM8\project\Debug\Obj\main.o
#        C:\Users\nguye\Desktop\13.ssd1306_STM8\project\Debug\Obj\ssd1306.o
#        C:\Users\nguye\Desktop\13.ssd1306_STM8\project\Debug\Obj\stm8s_gpio.o
#        C:\Users\nguye\Desktop\13.ssd1306_STM8\project\Debug\Obj\stm8s_i2c.o
#        C:\Users\nguye\Desktop\13.ssd1306_STM8\project\Debug\Obj\stm8s_it.o
#        C:\Users\nguye\Desktop\13.ssd1306_STM8\project\Debug\Obj\uart.o
#        --redirect _Printf=_PrintfFullNoMb --redirect _Scanf=_ScanfFullNoMb
#        --no_out_extension -o
#        C:\Users\nguye\Desktop\13.ssd1306_STM8\project\Debug\Exe\pid_stm8.out
#        --map
#        C:\Users\nguye\Desktop\13.ssd1306_STM8\project\Debug\List\pid_stm8.map
#        --config "C:\Program Files (x86)\IAR Systems\Embedded Workbench
#        8.3\stm8\config\lnkstm8s103f3.icf" --config_def _CSTACK_SIZE=0x100
#        --config_def _HEAP_SIZE=0x100 --entry __iar_program_start --debug_lib)
#
###############################################################################

*******************************************************************************
*** RUNTIME MODEL ATTRIBUTES
***

__SystemLibrary            = DLib
__code_model               = small
__core                     = stm8
__data_model               = medium
__dlib_file_descriptor     = 0
__dlib_full_locale_support = 0
__rt_version               = 4


*******************************************************************************
*** PLACEMENT SUMMARY
***

"A0":  place at start of [0x000000-0x0000ff] { rw section .vregs };
"A1":  place at end of [0x000000-0x0003ff] { block CSTACK };
"P2":  place in [from 0x000000 to 0x0003ff] {
          block HEAP, rw section __DLIB_PERTHREAD, rw section .far.bss,
          rw section .far.data, rw section .far.noinit,
          rw section .far_func.textrw, rw section .huge.bss,
          rw section .huge.data, rw section .huge.noinit,
          rw section .huge_func.textrw, rw section .iar.dynexit,
          rw section .near.bss, rw section .near.data, rw section .near.noinit,
          rw section .near_func.textrw };
"A2":  place at start of [0x008000-0x009fff] { block INTVEC };
"P3":  place in [from 0x008000 to 0x009fff] {
          ro section __DLIB_PERTHREAD_init, ro section .far.data_init,
          ro section .far_func.textrw_init, ro section .huge.data_init,
          ro section .huge_func.textrw_init, ro section .iar.init_table,
          ro section .init_array, ro section .near.data_init,
          ro section .near.rodata, ro section .near_func.text,
          ro section .near_func.textrw_init, ro section .tiny.data_init,
          ro section .tiny.rodata_init };
"P4":  place in [from 0x008000 to 0x009fff] {
          ro section .far.rodata, ro section .far_func.text };
"P5":  place in [from 0x008000 to 0x009fff] {
          ro section .huge.rodata, ro section .huge_func.text };
do not initialize {
   rw section .eeprom.noinit, rw section .far.noinit, rw section .huge.noinit,
   rw section .near.noinit, rw section .tiny.noinit, rw section .vregs };

No sections matched the following patterns:

  ro section .far.data_init          in "P3-P5"
  ro section .far.rodata             in "P3-P5"
  ro section .far_func.text          in "P3-P5"
  ro section .far_func.textrw_init   in "P3-P5"
  ro section .huge.data_init         in "P3-P5"
  ro section .huge.rodata            in "P3-P5"
  ro section .huge_func.text         in "P3-P5"
  ro section .huge_func.textrw_init  in "P3-P5"
  ro section .iar.init_table         in "P3-P5"
  ro section .init_array             in "P3-P5"
  ro section .near.data_init         in "P3-P5"
  ro section .near_func.textrw_init  in "P3-P5"
  ro section .tiny.data_init         in "P3-P5"
  ro section .tiny.rodata_init       in "P3-P5"
  ro section __DLIB_PERTHREAD_init   in "P3-P5"
  rw section .far.bss                in "P2"
  rw section .far.data               in "P2"
  rw section .far.noinit             in "P2"
  rw section .far_func.textrw        in "P2"
  rw section .huge.bss               in "P2"
  rw section .huge.data              in "P2"
  rw section .huge.noinit            in "P2"
  rw section .huge_func.textrw       in "P2"
  rw section .iar.dynexit            in "P2"
  rw section .near.data              in "P2"
  rw section .near.noinit            in "P2"
  rw section .near_func.textrw       in "P2"
  rw section .tiny.bss               in "P1"
  rw section .tiny.data              in "P1"
  rw section .tiny.noinit            in "P1"
  rw section .tiny.rodata            in "P1"
  rw section __DLIB_PERTHREAD        in "P2"
  section .eeprom.data               in "P6-P8"
  section .eeprom.noinit             in "P6-P8"
  section .eeprom.rodata             in "P6-P8"


  Section          Kind      Address   Size  Object
  -------          ----      -------   ----  ------
"A0":                                  0x10
  .vregs           uninit   0x000000   0x10  vregs.o [4]
                          - 0x000010   0x10

"P2", part 1 of 2:                     0x5a
  .near.bss        zero     0x000010   0x50  uart.o [1]
  .near.bss        zero     0x000060    0x2  i2c.o [1]
  .near.bss        zero     0x000062    0x2  uart.o [1]
  .near.bss        zero     0x000064    0x1  ssd1306.o [1]
  .near.bss        zero     0x000065    0x1  ssd1306.o [1]
  .near.bss        zero     0x000066    0x1  ssd1306.o [1]
  .near.bss        zero     0x000067    0x1  ssd1306.o [1]
  .near.bss        zero     0x000068    0x1  uart.o [1]
  .near.bss        zero     0x000069    0x1  uart.o [1]
                          - 0x00006a   0x5a

"P2", part 2 of 2:                    0x200
  .near.bss        zero     0x00006a  0x200  ssd1306.o [1]
                          - 0x00026a  0x200

"A1":                                 0x100
  CSTACK                    0x000300  0x100  <Block>
    CSTACK         uninit   0x000300  0x100  <Block tail>
                          - 0x000400  0x100

"A2":                                  0x80
  INTVEC                    0x008000   0x80  <Block>
    .intvec        const    0x008000   0x80  interrupt.o [4]
                          - 0x008080   0x80

"P3-P5":                              0x82e
  .near_func.text  ro code  0x008080  0x29d  ssd1306.o [1]
  .near.rodata     const    0x00831d  0x1e0  ssd1306.o [1]
  .near_func.text  ro code  0x0084fd   0xcb  i2c.o [1]
  .near_func.text  ro code  0x0085c8   0xbf  main.o [1]
  .near_func.text  ro code  0x008687   0x78  vreg_util.o [4]
  .near_func.text  ro code  0x0086ff   0x3c  uart.o [1]
  .near_func.text  ro code  0x00873b   0x2d  uart.o [1]
  .iar.init_table  const    0x008768    0xc  - Linker created -
  .near.rodata     const    0x008774   0x20  ssd1306.o [1]
  .near_func.text  ro code  0x008794   0x20  i2c.o [1]
  .near_func.text  ro code  0x0087b4   0x1e  short.o [4]
  .near_func.text  ro code  0x0087d2   0x1e  init_small.o [4]
  .near_func.text  ro code  0x0087f0   0x1d  DELAY.o [1]
  .near_func.text  ro code  0x00880d   0x1a  DELAY.o [1]
  .near_func.text  ro code  0x008827   0x14  init.o [4]
  .near_func.text  ro code  0x00883b   0x14  __dbg_xxexit.o [3]
  .near_func.text  ro code  0x00884f   0x13  cstartup.o [4]
  .near.rodata     const    0x008862    0xf  main.o [1]
  .near_func.text  ro code  0x008871    0xd  move.o [4]
  .near.rodata     const    0x00887e    0x9  ssd1306.o [1]
  .near_func.text  ro code  0x008887    0x5  cexit.o [4]
  .near_func.text  ro code  0x00888c    0x3  interrupt.o [4]
  .near_func.text  ro code  0x00888f    0x3  low_level_init.o [4]
  .near_func.text  ro code  0x008892    0x3  exit.o [4]
  .near_func.text  ro code  0x008895    0x3  unhandled_exception.o [4]
  .near.rodata     const    0x008898    0x2  main.o [1]
  .near_func.text  ro code  0x00889a    0x1  stm8s_it.o [1]
  .near_func.text  ro code  0x00889b    0x1  stm8s_it.o [1]
  .near_func.text  ro code  0x00889c    0x1  stm8s_it.o [1]
  .near_func.text  ro code  0x00889d    0x1  stm8s_it.o [1]
  .near_func.text  ro code  0x00889e    0x1  stm8s_it.o [1]
  .near_func.text  ro code  0x00889f    0x1  stm8s_it.o [1]
  .near_func.text  ro code  0x0088a0    0x1  stm8s_it.o [1]
  .near_func.text  ro code  0x0088a1    0x1  stm8s_it.o [1]
  .near_func.text  ro code  0x0088a2    0x1  stm8s_it.o [1]
  .near_func.text  ro code  0x0088a3    0x1  stm8s_it.o [1]
  .near_func.text  ro code  0x0088a4    0x1  stm8s_it.o [1]
  .near_func.text  ro code  0x0088a5    0x1  stm8s_it.o [1]
  .near_func.text  ro code  0x0088a6    0x1  stm8s_it.o [1]
  .near_func.text  ro code  0x0088a7    0x1  stm8s_it.o [1]
  .near_func.text  ro code  0x0088a8    0x1  stm8s_it.o [1]
  .near_func.text  ro code  0x0088a9    0x1  stm8s_it.o [1]
  .near_func.text  ro code  0x0088aa    0x1  stm8s_it.o [1]
  .near_func.text  ro code  0x0088ab    0x1  stm8s_it.o [1]
  .near_func.text  ro code  0x0088ac    0x1  stm8s_it.o [1]
  .near_func.text  ro code  0x0088ad    0x1  __dbg_break.o [3]
                          - 0x0088ae  0x82e


*******************************************************************************
*** INIT TABLE
***

          Address   Size
          -------   ----
Zero (__iar_zero_init2)
    2 destination ranges, total size 0x25a:
          0x000010   0x5a
          0x00006a  0x200



*******************************************************************************
*** MODULE SUMMARY
***

    Module                 ro code  ro data  rw data
    ------                 -------  -------  -------
C:\Users\nguye\Desktop\13.ssd1306_STM8\project\Debug\Obj: [1]
    DELAY.o                     55
    i2c.o                      235                 2
    main.o                     191       17
    ssd1306.o                  669      521      516
    stm8s_it.o                  19
    uart.o                     105                84
    ------------------------------------------------
    Total:                   1 274      538      602

command line: [2]
    ------------------------------------------------
    Total:

dbgstm8smd.a: [3]
    __dbg_break.o                1
    __dbg_xxexit.o              20
    ------------------------------------------------
    Total:                      21

dlstm8smn.a: [4]
    cexit.o                      5
    cstartup.o                  19
    exit.o                       3
    init.o                      20
    init_small.o                30
    interrupt.o                  3      128
    low_level_init.o             3
    move.o                      13
    short.o                     30
    unhandled_exception.o        3
    vreg_util.o                120
    vregs.o                                       16
    ------------------------------------------------
    Total:                     249      128       16

    Linker created                       12      256
----------------------------------------------------
    Grand Total:             1 544      678      874


*******************************************************************************
*** ENTRY LIST
***

Entry                    Address   Size  Type      Object
-----                    -------   ----  ----      ------
.iar.init_table$$Base   0x008768          --   Gb  - Linker created -
.iar.init_table$$Limit  0x008774          --   Gb  - Linker created -
?b0                     0x000000         Data  Gb  vregs.o [4]
?b1                     0x000001         Data  Gb  vregs.o [4]
?b10                    0x00000a         Data  Gb  vregs.o [4]
?b11                    0x00000b         Data  Gb  vregs.o [4]
?b12                    0x00000c         Data  Gb  vregs.o [4]
?b13                    0x00000d         Data  Gb  vregs.o [4]
?b14                    0x00000e         Data  Gb  vregs.o [4]
?b15                    0x00000f         Data  Gb  vregs.o [4]
?b2                     0x000002         Data  Gb  vregs.o [4]
?b3                     0x000003         Data  Gb  vregs.o [4]
?b4                     0x000004         Data  Gb  vregs.o [4]
?b5                     0x000005         Data  Gb  vregs.o [4]
?b6                     0x000006         Data  Gb  vregs.o [4]
?b7                     0x000007         Data  Gb  vregs.o [4]
?b8                     0x000008         Data  Gb  vregs.o [4]
?b9                     0x000009         Data  Gb  vregs.o [4]
?e0                     0x000001         Data  Gb  vregs.o [4]
?e1                     0x000005         Data  Gb  vregs.o [4]
?e2                     0x000009         Data  Gb  vregs.o [4]
?e3                     0x00000d         Data  Gb  vregs.o [4]
?epilogue_l2_w6         0x0086f4         Code  Gb  vreg_util.o [4]
?epilogue_w4            0x0086fb         Code  Gb  vreg_util.o [4]
?l0                     0x000000         Data  Gb  vregs.o [4]
?l1                     0x000004         Data  Gb  vregs.o [4]
?l2                     0x000008         Data  Gb  vregs.o [4]
?l3                     0x00000c         Data  Gb  vregs.o [4]
?move1616_v_x_y_a       0x008871         Code  Gb  move.o [4]
?mul16_x_x_w0           0x0087b4         Code  Gb  short.o [4]
?pop_l2                 0x0086e1         Code  Gb  vreg_util.o [4]
?pop_w4                 0x0086a9         Code  Gb  vreg_util.o [4]
?pop_w6                 0x0086b0         Code  Gb  vreg_util.o [4]
?push_l2                0x0086bf         Code  Gb  vreg_util.o [4]
?push_w4                0x008687         Code  Gb  vreg_util.o [4]
?push_w6                0x00868c         Code  Gb  vreg_util.o [4]
?push_w7                0x008691         Code  Gb  vreg_util.o [4]
?w0                     0x000000         Data  Gb  vregs.o [4]
?w1                     0x000002         Data  Gb  vregs.o [4]
?w2                     0x000004         Data  Gb  vregs.o [4]
?w3                     0x000006         Data  Gb  vregs.o [4]
?w4                     0x000008         Data  Gb  vregs.o [4]
?w5                     0x00000a         Data  Gb  vregs.o [4]
?w6                     0x00000c         Data  Gb  vregs.o [4]
?w7                     0x00000e         Data  Gb  vregs.o [4]
ADC1_IRQHandler         0x0088aa    0x1  Code  Gb  stm8s_it.o [1]
ASCII                   0x00831d  0x1e0  Data  Lc  ssd1306.o [1]
AWU_IRQHandler          0x00889c    0x1  Code  Gb  stm8s_it.o [1]
CLK_IRQHandler          0x00889d    0x1  Code  Gb  stm8s_it.o [1]
CSTACK$$Base            0x000300          --   Gb  - Linker created -
CSTACK$$Limit           0x000400          --   Gb  - Linker created -
EEPROM_EEC_IRQHandler   0x0088ac    0x1  Code  Gb  stm8s_it.o [1]
EXTI_PORTA_IRQHandler   0x00889e    0x1  Code  Gb  stm8s_it.o [1]
EXTI_PORTB_IRQHandler   0x00889f    0x1  Code  Gb  stm8s_it.o [1]
EXTI_PORTC_IRQHandler   0x0088a0    0x1  Code  Gb  stm8s_it.o [1]
EXTI_PORTD_IRQHandler   0x0088a1    0x1  Code  Gb  stm8s_it.o [1]
EXTI_PORTE_IRQHandler   0x0088a2    0x1  Code  Gb  stm8s_it.o [1]
Fn_Delayms              0x00880d   0x1a  Code  Gb  DELAY.o [1]
Fn_Delayus              0x0087f0   0x1d  Code  Gb  DELAY.o [1]
I2C_IRQHandler          0x0088a9    0x1  Code  Gb  stm8s_it.o [1]
I2C_Start               0x00857b   0x24  Code  Gb  i2c.o [1]
I2C_Stop                0x0084fd    0x5  Code  Gb  i2c.o [1]
I2C_Write_Data          0x008502   0x32  Code  Gb  i2c.o [1]
I2C_Write_add           0x008534   0x47  Code  Gb  i2c.o [1]
I2CdataTX               0x00859f   0x29  Code  Gb  i2c.o [1]
INTVEC$$Base            0x008000          --   Gb  - Linker created -
INTVEC$$Limit           0x008080          --   Gb  - Linker created -
RRX                     0x000010   0x50  Data  Gb  uart.o [1]
RXI                     0x000062    0x2  Data  Gb  uart.o [1]
RX_FLAG_END_LINE        0x000068    0x1  Data  Gb  uart.o [1]
Region$$Table$$Base     0x008768          --   Gb  - Linker created -
Region$$Table$$Limit    0x008774          --   Gb  - Linker created -
SPI_IRQHandler          0x0088a3    0x1  Code  Gb  stm8s_it.o [1]
SendCmd                 0x008080   0x16  Code  Gb  ssd1306.o [1]
SendData                0x0080d2   0x88  Code  Gb  ssd1306.o [1]
SetPixelXY              0x008096   0x2d  Code  Gb  ssd1306.o [1]
SetYX                   0x0080c3    0xf  Code  Gb  ssd1306.o [1]
TIM1_CAP_COM_IRQHandler
                        0x0088a5    0x1  Code  Gb  stm8s_it.o [1]
TIM1_UPD_OVF_TRG_BRK_IRQHandler
                        0x0088a4    0x1  Code  Gb  stm8s_it.o [1]
TIM2_CAP_COM_IRQHandler
                        0x0088a7    0x1  Code  Gb  stm8s_it.o [1]
TIM2_UPD_OVF_BRK_IRQHandler
                        0x0088a6    0x1  Code  Gb  stm8s_it.o [1]
TIM4_UPD_OVF_IRQHandler
                        0x0088ab    0x1  Code  Gb  stm8s_it.o [1]
TLI_IRQHandler          0x00889b    0x1  Code  Gb  stm8s_it.o [1]
TRAP_IRQHandler         0x00889a    0x1  Code  Gb  stm8s_it.o [1]
UART1_RX_IRQHandler     0x00873b   0x2d  Code  Gb  uart.o [1]
UART1_TX_IRQHandler     0x0088a8    0x1  Code  Gb  stm8s_it.o [1]
UART_Init               0x0086ff   0x3c  Code  Gb  uart.o [1]
WriteCharacter          0x00823f   0xb9  Code  Gb  ssd1306.o [1]
WriteString             0x0082f8   0x25  Code  Gb  ssd1306.o [1]
__DebugBreak            0x0088ad    0x1  Code  Gb  __dbg_break.o [3]
__exit                  0x00883b   0x14  Code  Gb  __dbg_xxexit.o [3]
__iar_data_init2        0x008827   0x14  Code  Gb  init.o [4]
__iar_program_start     0x00884f         Code  Gb  cstartup.o [4]
__iar_unhandled_exception
                        0x008895         Code  Gb  unhandled_exception.o [4]
__iar_zero_init2        0x0087d2         Code  Gb  init_small.o [4]
__intvec                0x008000         Data  Gb  interrupt.o [4]
__low_level_init        0x00888f    0x3  Code  Gb  low_level_init.o [4]
_exit                   0x008887         Code  Gb  cexit.o [4]
_interrupt_1            0x00889a         Code  Gb  stm8s_it.o [1]
_interrupt_12           0x0088a3         Code  Gb  stm8s_it.o [1]
_interrupt_13           0x0088a4         Code  Gb  stm8s_it.o [1]
_interrupt_14           0x0088a5         Code  Gb  stm8s_it.o [1]
_interrupt_15           0x0088a6         Code  Gb  stm8s_it.o [1]
_interrupt_16           0x0088a7         Code  Gb  stm8s_it.o [1]
_interrupt_19           0x0088a8         Code  Gb  stm8s_it.o [1]
_interrupt_2            0x00889b         Code  Gb  stm8s_it.o [1]
_interrupt_20           0x00873b         Code  Gb  uart.o [1]
_interrupt_21           0x0088a9         Code  Gb  stm8s_it.o [1]
_interrupt_24           0x0088aa         Code  Gb  stm8s_it.o [1]
_interrupt_25           0x0088ab         Code  Gb  stm8s_it.o [1]
_interrupt_26           0x0088ac         Code  Gb  stm8s_it.o [1]
_interrupt_3            0x00889c         Code  Gb  stm8s_it.o [1]
_interrupt_4            0x00889d         Code  Gb  stm8s_it.o [1]
_interrupt_5            0x00889e         Code  Gb  stm8s_it.o [1]
_interrupt_6            0x00889f         Code  Gb  stm8s_it.o [1]
_interrupt_7            0x0088a0         Code  Gb  stm8s_it.o [1]
_interrupt_8            0x0088a1         Code  Gb  stm8s_it.o [1]
_interrupt_9            0x0088a2         Code  Gb  stm8s_it.o [1]
clearOLED               0x00815a   0x83  Code  Gb  ssd1306.o [1]
displayON               0x008232    0xd  Code  Gb  ssd1306.o [1]
exit                    0x008892    0x3  Code  Gb  exit.o [4]
gxstpt                  0x000067    0x1  Data  Gb  ssd1306.o [1]
initOLED                0x0081dd   0x55  Code  Gb  ssd1306.o [1]
main                    0x0085c8   0xbf  Code  Gb  main.o [1]
ovwflg                  0x000064    0x1  Data  Gb  ssd1306.o [1]
scrnbuf                 0x00006a  0x200  Data  Gb  ssd1306.o [1]
ssd1306_I2C_Init        0x008794   0x20  Code  Gb  i2c.o [1]
temp_char               0x000069    0x1  Data  Gb  uart.o [1]
time_out                0x000060    0x2  Data  Lc  i2c.o [1]
xpos                    0x000065    0x1  Data  Gb  ssd1306.o [1]
ypos                    0x000066    0x1  Data  Gb  ssd1306.o [1]


[1] = C:\Users\nguye\Desktop\13.ssd1306_STM8\project\Debug\Obj
[2] = command line
[3] = dbgstm8smd.a
[4] = dlstm8smn.a

  1 544 bytes of readonly  code memory
    678 bytes of readonly  data memory
    874 bytes of readwrite data memory

Errors: none
Warnings: none
